2026-04-29 23:42:26,503 DEBUG      brian2: Logging to file: C:\Users\haru4\OneDrive - 学校法人立命館\ドキュメント\研究\研究コード\LSM_VAE_Search\g_tactile_results\_runtime_cache\tmp\brian_debug_pt8zei0z.log, copy of main script saved as: C:\Users\haru4\OneDrive - 学校法人立命館\ドキュメント\研究\研究コード\LSM_VAE_Search\g_tactile_results\_runtime_cache\tmp\brian_script_o3l3umec.py
2026-04-29 23:42:26,503 DEBUG      brian2: Python interpreter: C:\Users\haru4\AppData\Local\Python\pythoncore-3.12-64\python.exe
2026-04-29 23:42:26,505 DEBUG      brian2: Platform: win32
2026-04-29 23:42:26,505 DEBUG      brian2: brian version is: 2.10.1
2026-04-29 23:42:26,505 DEBUG      brian2: numpy version is: 2.4.4
2026-04-29 23:42:26,505 DEBUG      brian2: scipy version is: 1.17.1
2026-04-29 23:42:26,505 DEBUG      brian2: sympy version is: 1.14.0
2026-04-29 23:42:26,505 DEBUG      brian2: python version is: 3.12.10 (tags/v3.12.10:0cc8128, Apr  8 2025, 12:21:36) [MSC v.1943 64 bit (AMD64)]
2026-04-29 23:42:26,505 DEBUG      brian2: Cache size for target 'cython': 1 MB
2026-04-29 23:42:26,685 WARNING    brian2.groups.group.Group.resolve.resolution_conflict: 'N_post' is an internal variable of group 'S_merkel_liq1', but also exists in the run namespace with the value 800. The internal variable will be used.
2026-04-29 23:42:26,688 DEBUG      brian2.synapses.synapses: Creating synapses from group 'G_in' to group 'G_liq1', using generator '_k for _k in sample(N_post, p=0.2) if (((i//2==0) and (i%2==0))) and (typ_post==1)'
2026-04-29 23:42:26,743 WARNING    brian2.groups.group.Group.resolve.resolution_conflict: 'N_post' is an internal variable of group 'S_merkel_liq1', but also exists in the run namespace with the value 200. The internal variable will be used.
2026-04-29 23:42:26,743 DEBUG      brian2.synapses.synapses: Creating synapses from group 'G_in' to group 'G_liq1', using generator '_k for _k in sample(N_post, p=0.2) if (((i//2==0) and (i%2==0))) and (typ_post==-1)'
2026-04-29 23:42:26,771 WARNING    brian2.groups.group.Group.resolve.resolution_conflict: 'N_post' is an internal variable of group 'S_meissner_liq1', but also exists in the run namespace with the value 800. The internal variable will be used.
2026-04-29 23:42:26,771 DEBUG      brian2.synapses.synapses: Creating synapses from group 'G_in' to group 'G_liq1', using generator '_k for _k in sample(N_post, p=0.2) if (((i//2==0) and (i%2==1))) and (typ_post==1)'
2026-04-29 23:42:26,794 WARNING    brian2.groups.group.Group.resolve.resolution_conflict: 'N_post' is an internal variable of group 'S_meissner_liq1', but also exists in the run namespace with the value 200. The internal variable will be used.
2026-04-29 23:42:26,794 DEBUG      brian2.synapses.synapses: Creating synapses from group 'G_in' to group 'G_liq1', using generator '_k for _k in sample(N_post, p=0.2) if (((i//2==0) and (i%2==1))) and (typ_post==-1)'
2026-04-29 23:42:26,831 DEBUG      brian2.synapses.synapses: Creating synapses from group 'G_liq1' to group 'G_liq1', using generator '_k for _k in sample(N_post, p=0.2) if (i!=_k) and (typ_pre==1)  and (typ_post==1)'
2026-04-29 23:42:26,910 DEBUG      brian2.synapses.synapses: Creating synapses from group 'G_liq1' to group 'G_liq1', using generator '_k for _k in sample(N_post, p=0.2) if (i!=_k) and (typ_pre==1)  and (typ_post==-1)'
2026-04-29 23:42:26,994 DEBUG      brian2.synapses.synapses: Creating synapses from group 'G_liq1' to group 'G_liq1', using generator '_k for _k in sample(N_post, p=0.2) if (i!=_k) and (typ_pre==-1) and (typ_post==1)'
2026-04-29 23:42:27,055 DEBUG      brian2.synapses.synapses: Creating synapses from group 'G_liq1' to group 'G_liq1', using generator '_k for _k in sample(N_post, p=0.0) if (i!=_k) and (typ_pre==-1) and (typ_post==-1)'
2026-04-29 23:42:30,219 DEBUG      brian2.core.network.before_run: Preparing network 'network' with 17 objects: G_in, G_liq1, S_liq_intra_E_L1, S_liq_intra_I_L1, S_meissner_liq1, S_merkel_liq1, V_liq_L1, V_liq_internal_L1, S_meissner_liq1_summed_variable_I_meissner_post, S_merkel_liq1_summed_variable_I_merkel_post, G_in_stateupdater, G_liq1_stateupdater, G_liq1_spike_thresholder, M_liq_debug_L1, S_liq_intra_E_L1_pre, S_liq_intra_I_L1_pre, G_liq1_spike_resetter
2026-04-29 23:42:30,264 DEBUG      brian2.stateupdaters.base.method_choice: Group G_liq1: using numerical integration method euler (took 0.01s)
2026-04-29 23:42:30,344 DEBUG      brian2.core.network.before_run: Network 'network' uses 3 clocks: V_liq_L1_clock, defaultclock, V_liq_internal_L1_clock
2026-04-29 23:42:30,344 DEBUG      brian2.core.network.run: Simulating network 'network' from time 0. s to 0.5 s.
2026-04-29 23:42:31,474 DEBUG      brian2.core.network.run: Finished simulating network 'network' (took 1.13s)
2026-04-29 23:42:33,110 DEBUG      brian2.core.network.before_run: Preparing network 'network' with 17 objects: G_in, G_liq1, S_liq_intra_E_L1, S_liq_intra_I_L1, S_meissner_liq1, S_merkel_liq1, V_liq_L1, V_liq_internal_L1, S_meissner_liq1_summed_variable_I_meissner_post, S_merkel_liq1_summed_variable_I_merkel_post, G_in_stateupdater, G_liq1_stateupdater, G_liq1_spike_thresholder, M_liq_debug_L1, S_liq_intra_E_L1_pre, S_liq_intra_I_L1_pre, G_liq1_spike_resetter
2026-04-29 23:42:33,158 DEBUG      brian2.core.network.before_run: Network 'network' uses 3 clocks: V_liq_L1_clock, defaultclock, V_liq_internal_L1_clock
2026-04-29 23:42:33,158 DEBUG      brian2.core.network.run: Simulating network 'network' from time 0.5 s to 1. s.
2026-04-29 23:42:34,322 DEBUG      brian2.core.network.run: Finished simulating network 'network' (took 1.16s)
2026-04-29 23:42:35,470 DEBUG      brian2.core.network.before_run: Preparing network 'network' with 17 objects: G_in, G_liq1, S_liq_intra_E_L1, S_liq_intra_I_L1, S_meissner_liq1, S_merkel_liq1, V_liq_L1, V_liq_internal_L1, S_meissner_liq1_summed_variable_I_meissner_post, S_merkel_liq1_summed_variable_I_merkel_post, G_in_stateupdater, G_liq1_stateupdater, G_liq1_spike_thresholder, M_liq_debug_L1, S_liq_intra_E_L1_pre, S_liq_intra_I_L1_pre, G_liq1_spike_resetter
2026-04-29 23:42:35,516 DEBUG      brian2.core.network.before_run: Network 'network' uses 3 clocks: V_liq_L1_clock, defaultclock, V_liq_internal_L1_clock
2026-04-29 23:42:35,518 DEBUG      brian2.core.network.run: Simulating network 'network' from time 1. s to 1.5 s.
2026-04-29 23:42:36,682 DEBUG      brian2.core.network.run: Finished simulating network 'network' (took 1.17s)
2026-04-29 23:42:37,870 DEBUG      brian2.core.network.before_run: Preparing network 'network' with 17 objects: G_in, G_liq1, S_liq_intra_E_L1, S_liq_intra_I_L1, S_meissner_liq1, S_merkel_liq1, V_liq_L1, V_liq_internal_L1, S_meissner_liq1_summed_variable_I_meissner_post, S_merkel_liq1_summed_variable_I_merkel_post, G_in_stateupdater, G_liq1_stateupdater, G_liq1_spike_thresholder, M_liq_debug_L1, S_liq_intra_E_L1_pre, S_liq_intra_I_L1_pre, G_liq1_spike_resetter
2026-04-29 23:42:37,915 DEBUG      brian2.core.network.before_run: Network 'network' uses 3 clocks: V_liq_L1_clock, defaultclock, V_liq_internal_L1_clock
2026-04-29 23:42:37,915 DEBUG      brian2.core.network.run: Simulating network 'network' from time 1.5 s to 2. s.
2026-04-29 23:42:39,102 DEBUG      brian2.core.network.run: Finished simulating network 'network' (took 1.19s)
2026-04-29 23:42:40,296 DEBUG      brian2.core.network.before_run: Preparing network 'network' with 17 objects: G_in, G_liq1, S_liq_intra_E_L1, S_liq_intra_I_L1, S_meissner_liq1, S_merkel_liq1, V_liq_L1, V_liq_internal_L1, S_meissner_liq1_summed_variable_I_meissner_post, S_merkel_liq1_summed_variable_I_merkel_post, G_in_stateupdater, G_liq1_stateupdater, G_liq1_spike_thresholder, M_liq_debug_L1, S_liq_intra_E_L1_pre, S_liq_intra_I_L1_pre, G_liq1_spike_resetter
2026-04-29 23:42:40,343 DEBUG      brian2.core.network.before_run: Network 'network' uses 3 clocks: V_liq_L1_clock, defaultclock, V_liq_internal_L1_clock
2026-04-29 23:42:40,343 DEBUG      brian2.core.network.run: Simulating network 'network' from time 2. s to 2.5 s.
2026-04-29 23:42:41,532 DEBUG      brian2.core.network.run: Finished simulating network 'network' (took 1.19s)
2026-04-29 23:42:42,632 DEBUG      brian2.core.network.before_run: Preparing network 'network' with 17 objects: G_in, G_liq1, S_liq_intra_E_L1, S_liq_intra_I_L1, S_meissner_liq1, S_merkel_liq1, V_liq_L1, V_liq_internal_L1, S_meissner_liq1_summed_variable_I_meissner_post, S_merkel_liq1_summed_variable_I_merkel_post, G_in_stateupdater, G_liq1_stateupdater, G_liq1_spike_thresholder, M_liq_debug_L1, S_liq_intra_E_L1_pre, S_liq_intra_I_L1_pre, G_liq1_spike_resetter
2026-04-29 23:42:42,665 DEBUG      brian2.core.network.before_run: Network 'network' uses 3 clocks: V_liq_L1_clock, defaultclock, V_liq_internal_L1_clock
2026-04-29 23:42:42,665 DEBUG      brian2.core.network.run: Simulating network 'network' from time 2.5 s to 3. s.
2026-04-29 23:42:43,833 DEBUG      brian2.core.network.run: Finished simulating network 'network' (took 1.17s)
2026-04-29 23:42:44,984 DEBUG      brian2.core.network.before_run: Preparing network 'network' with 17 objects: G_in, G_liq1, S_liq_intra_E_L1, S_liq_intra_I_L1, S_meissner_liq1, S_merkel_liq1, V_liq_L1, V_liq_internal_L1, S_meissner_liq1_summed_variable_I_meissner_post, S_merkel_liq1_summed_variable_I_merkel_post, G_in_stateupdater, G_liq1_stateupdater, G_liq1_spike_thresholder, M_liq_debug_L1, S_liq_intra_E_L1_pre, S_liq_intra_I_L1_pre, G_liq1_spike_resetter
2026-04-29 23:42:45,025 DEBUG      brian2.core.network.before_run: Network 'network' uses 3 clocks: V_liq_L1_clock, defaultclock, V_liq_internal_L1_clock
2026-04-29 23:42:45,025 DEBUG      brian2.core.network.run: Simulating network 'network' from time 3. s to 3.5 s.
2026-04-29 23:42:46,265 DEBUG      brian2.core.network.run: Finished simulating network 'network' (took 1.24s)
2026-04-29 23:42:47,430 DEBUG      brian2.core.network.before_run: Preparing network 'network' with 17 objects: G_in, G_liq1, S_liq_intra_E_L1, S_liq_intra_I_L1, S_meissner_liq1, S_merkel_liq1, V_liq_L1, V_liq_internal_L1, S_meissner_liq1_summed_variable_I_meissner_post, S_merkel_liq1_summed_variable_I_merkel_post, G_in_stateupdater, G_liq1_stateupdater, G_liq1_spike_thresholder, M_liq_debug_L1, S_liq_intra_E_L1_pre, S_liq_intra_I_L1_pre, G_liq1_spike_resetter
2026-04-29 23:42:47,479 DEBUG      brian2.core.network.before_run: Network 'network' uses 3 clocks: V_liq_L1_clock, defaultclock, V_liq_internal_L1_clock
2026-04-29 23:42:47,479 DEBUG      brian2.core.network.run: Simulating network 'network' from time 3.5 s to 4. s.
2026-04-29 23:42:48,643 DEBUG      brian2.core.network.run: Finished simulating network 'network' (took 1.16s)
2026-04-29 23:42:51,677 DEBUG      brian2.synapses.synapses: Creating synapses from group 'G_in' to group 'G_liq1', using generator '_k for _k in sample(N_post, p=0.2) if (((i//2==0) and (i%2==0))) and (typ_post==1)'
2026-04-29 23:42:51,706 DEBUG      brian2.synapses.synapses: Creating synapses from group 'G_in' to group 'G_liq1', using generator '_k for _k in sample(N_post, p=0.2) if (((i//2==0) and (i%2==0))) and (typ_post==-1)'
2026-04-29 23:42:51,740 DEBUG      brian2.synapses.synapses: Creating synapses from group 'G_in' to group 'G_liq1', using generator '_k for _k in sample(N_post, p=0.2) if (((i//2==0) and (i%2==1))) and (typ_post==1)'
2026-04-29 23:42:51,770 DEBUG      brian2.synapses.synapses: Creating synapses from group 'G_in' to group 'G_liq1', using generator '_k for _k in sample(N_post, p=0.2) if (((i//2==0) and (i%2==1))) and (typ_post==-1)'
2026-04-29 23:42:51,794 DEBUG      brian2.synapses.synapses: Creating synapses from group 'G_liq1' to group 'G_liq1', using generator '_k for _k in sample(N_post, p=0.1) if (i!=_k) and (typ_pre==1)  and (typ_post==1)'
2026-04-29 23:42:51,877 DEBUG      brian2.synapses.synapses: Creating synapses from group 'G_liq1' to group 'G_liq1', using generator '_k for _k in sample(N_post, p=0.1) if (i!=_k) and (typ_pre==1)  and (typ_post==-1)'
2026-04-29 23:42:51,972 DEBUG      brian2.synapses.synapses: Creating synapses from group 'G_liq1' to group 'G_liq1', using generator '_k for _k in sample(N_post, p=0.2) if (i!=_k) and (typ_pre==-1) and (typ_post==1)'
2026-04-29 23:42:52,241 DEBUG      brian2.synapses.synapses: Creating synapses from group 'G_liq1' to group 'G_liq1', using generator '_k for _k in sample(N_post, p=0.0) if (i!=_k) and (typ_pre==-1) and (typ_post==-1)'
2026-04-29 23:42:54,327 DEBUG      brian2.core.network.before_run: Preparing network 'network' with 17 objects: G_in, G_liq1, S_liq_intra_E_L1, S_liq_intra_I_L1, S_meissner_liq1, S_merkel_liq1, V_liq_L1, V_liq_internal_L1, S_meissner_liq1_summed_variable_I_meissner_post, S_merkel_liq1_summed_variable_I_merkel_post, G_in_stateupdater, G_liq1_stateupdater, G_liq1_spike_thresholder, M_liq_debug_L1, S_liq_intra_E_L1_pre, S_liq_intra_I_L1_pre, G_liq1_spike_resetter
2026-04-29 23:42:54,394 DEBUG      brian2.core.network.before_run: Network 'network' uses 3 clocks: defaultclock, V_liq_internal_L1_clock, V_liq_L1_clock
2026-04-29 23:42:54,396 DEBUG      brian2.core.network.run: Simulating network 'network' from time 0. s to 0.5 s.
2026-04-29 23:42:55,672 DEBUG      brian2.core.network.run: Finished simulating network 'network' (took 1.28s)
2026-04-29 23:42:55,831 DEBUG      brian2.core.network.before_run: Preparing network 'network' with 17 objects: G_in, G_liq1, S_liq_intra_E_L1, S_liq_intra_I_L1, S_meissner_liq1, S_merkel_liq1, V_liq_L1, V_liq_internal_L1, S_meissner_liq1_summed_variable_I_meissner_post, S_merkel_liq1_summed_variable_I_merkel_post, G_in_stateupdater, G_liq1_stateupdater, G_liq1_spike_thresholder, M_liq_debug_L1, S_liq_intra_E_L1_pre, S_liq_intra_I_L1_pre, G_liq1_spike_resetter
2026-04-29 23:42:55,883 DEBUG      brian2.core.network.before_run: Network 'network' uses 3 clocks: defaultclock, V_liq_internal_L1_clock, V_liq_L1_clock
2026-04-29 23:42:55,883 DEBUG      brian2.core.network.run: Simulating network 'network' from time 0.5 s to 1. s.
2026-04-29 23:42:57,557 DEBUG      brian2.core.network.run: Finished simulating network 'network' (took 1.67s)
2026-04-29 23:42:58,944 DEBUG      brian2.core.network.before_run: Preparing network 'network' with 17 objects: G_in, G_liq1, S_liq_intra_E_L1, S_liq_intra_I_L1, S_meissner_liq1, S_merkel_liq1, V_liq_L1, V_liq_internal_L1, S_meissner_liq1_summed_variable_I_meissner_post, S_merkel_liq1_summed_variable_I_merkel_post, G_in_stateupdater, G_liq1_stateupdater, G_liq1_spike_thresholder, M_liq_debug_L1, S_liq_intra_E_L1_pre, S_liq_intra_I_L1_pre, G_liq1_spike_resetter
2026-04-29 23:42:58,994 DEBUG      brian2.core.network.before_run: Network 'network' uses 3 clocks: defaultclock, V_liq_internal_L1_clock, V_liq_L1_clock
2026-04-29 23:42:58,997 DEBUG      brian2.core.network.run: Simulating network 'network' from time 1. s to 1.5 s.
2026-04-29 23:43:00,715 DEBUG      brian2.core.network.run: Finished simulating network 'network' (took 1.72s)
2026-04-29 23:43:02,270 DEBUG      brian2.core.network.before_run: Preparing network 'network' with 17 objects: G_in, G_liq1, S_liq_intra_E_L1, S_liq_intra_I_L1, S_meissner_liq1, S_merkel_liq1, V_liq_L1, V_liq_internal_L1, S_meissner_liq1_summed_variable_I_meissner_post, S_merkel_liq1_summed_variable_I_merkel_post, G_in_stateupdater, G_liq1_stateupdater, G_liq1_spike_thresholder, M_liq_debug_L1, S_liq_intra_E_L1_pre, S_liq_intra_I_L1_pre, G_liq1_spike_resetter
2026-04-29 23:43:02,325 DEBUG      brian2.core.network.before_run: Network 'network' uses 3 clocks: defaultclock, V_liq_internal_L1_clock, V_liq_L1_clock
2026-04-29 23:43:02,325 DEBUG      brian2.core.network.run: Simulating network 'network' from time 1.5 s to 2. s.
2026-04-29 23:43:04,140 DEBUG      brian2.core.network.run: Finished simulating network 'network' (took 1.82s)
2026-04-29 23:43:05,601 DEBUG      brian2.core.network.before_run: Preparing network 'network' with 17 objects: G_in, G_liq1, S_liq_intra_E_L1, S_liq_intra_I_L1, S_meissner_liq1, S_merkel_liq1, V_liq_L1, V_liq_internal_L1, S_meissner_liq1_summed_variable_I_meissner_post, S_merkel_liq1_summed_variable_I_merkel_post, G_in_stateupdater, G_liq1_stateupdater, G_liq1_spike_thresholder, M_liq_debug_L1, S_liq_intra_E_L1_pre, S_liq_intra_I_L1_pre, G_liq1_spike_resetter
2026-04-29 23:43:05,652 DEBUG      brian2.core.network.before_run: Network 'network' uses 3 clocks: defaultclock, V_liq_internal_L1_clock, V_liq_L1_clock
2026-04-29 23:43:05,653 DEBUG      brian2.core.network.run: Simulating network 'network' from time 2. s to 2.5 s.
2026-04-29 23:43:07,399 DEBUG      brian2.core.network.run: Finished simulating network 'network' (took 1.75s)
2026-04-29 23:43:08,972 DEBUG      brian2.core.network.before_run: Preparing network 'network' with 17 objects: G_in, G_liq1, S_liq_intra_E_L1, S_liq_intra_I_L1, S_meissner_liq1, S_merkel_liq1, V_liq_L1, V_liq_internal_L1, S_meissner_liq1_summed_variable_I_meissner_post, S_merkel_liq1_summed_variable_I_merkel_post, G_in_stateupdater, G_liq1_stateupdater, G_liq1_spike_thresholder, M_liq_debug_L1, S_liq_intra_E_L1_pre, S_liq_intra_I_L1_pre, G_liq1_spike_resetter
2026-04-29 23:43:09,025 DEBUG      brian2.core.network.before_run: Network 'network' uses 3 clocks: defaultclock, V_liq_internal_L1_clock, V_liq_L1_clock
2026-04-29 23:43:09,025 DEBUG      brian2.core.network.run: Simulating network 'network' from time 2.5 s to 3. s.
2026-04-29 23:43:10,447 DEBUG      brian2.core.network.run: Finished simulating network 'network' (took 1.42s)
2026-04-29 23:43:11,723 DEBUG      brian2.core.network.before_run: Preparing network 'network' with 17 objects: G_in, G_liq1, S_liq_intra_E_L1, S_liq_intra_I_L1, S_meissner_liq1, S_merkel_liq1, V_liq_L1, V_liq_internal_L1, S_meissner_liq1_summed_variable_I_meissner_post, S_merkel_liq1_summed_variable_I_merkel_post, G_in_stateupdater, G_liq1_stateupdater, G_liq1_spike_thresholder, M_liq_debug_L1, S_liq_intra_E_L1_pre, S_liq_intra_I_L1_pre, G_liq1_spike_resetter
2026-04-29 23:43:11,756 DEBUG      brian2.core.network.before_run: Network 'network' uses 3 clocks: defaultclock, V_liq_internal_L1_clock, V_liq_L1_clock
2026-04-29 23:43:11,756 DEBUG      brian2.core.network.run: Simulating network 'network' from time 3. s to 3.5 s.
2026-04-29 23:43:13,049 DEBUG      brian2.core.network.run: Finished simulating network 'network' (took 1.29s)
2026-04-29 23:43:14,359 DEBUG      brian2.core.network.before_run: Preparing network 'network' with 17 objects: G_in, G_liq1, S_liq_intra_E_L1, S_liq_intra_I_L1, S_meissner_liq1, S_merkel_liq1, V_liq_L1, V_liq_internal_L1, S_meissner_liq1_summed_variable_I_meissner_post, S_merkel_liq1_summed_variable_I_merkel_post, G_in_stateupdater, G_liq1_stateupdater, G_liq1_spike_thresholder, M_liq_debug_L1, S_liq_intra_E_L1_pre, S_liq_intra_I_L1_pre, G_liq1_spike_resetter
2026-04-29 23:43:14,400 DEBUG      brian2.core.network.before_run: Network 'network' uses 3 clocks: defaultclock, V_liq_internal_L1_clock, V_liq_L1_clock
2026-04-29 23:43:14,400 DEBUG      brian2.core.network.run: Simulating network 'network' from time 3.5 s to 4. s.
2026-04-29 23:43:15,676 DEBUG      brian2.core.network.run: Finished simulating network 'network' (took 1.27s)
2026-04-29 23:43:18,188 DEBUG      brian2.synapses.synapses: Creating synapses from group 'G_in' to group 'G_liq1', using generator '_k for _k in sample(N_post, p=0.2) if (((i//2==0) and (i%2==0))) and (typ_post==1)'
2026-04-29 23:43:18,209 DEBUG      brian2.synapses.synapses: Creating synapses from group 'G_in' to group 'G_liq1', using generator '_k for _k in sample(N_post, p=0.2) if (((i//2==0) and (i%2==0))) and (typ_post==-1)'
2026-04-29 23:43:18,229 DEBUG      brian2.synapses.synapses: Creating synapses from group 'G_in' to group 'G_liq1', using generator '_k for _k in sample(N_post, p=0.2) if (((i//2==0) and (i%2==1))) and (typ_post==1)'
2026-04-29 23:43:18,250 DEBUG      brian2.synapses.synapses: Creating synapses from group 'G_in' to group 'G_liq1', using generator '_k for _k in sample(N_post, p=0.2) if (((i//2==0) and (i%2==1))) and (typ_post==-1)'
2026-04-29 23:43:18,267 DEBUG      brian2.synapses.synapses: Creating synapses from group 'G_liq1' to group 'G_liq1', using generator '_k for _k in sample(N_post, p=0.1) if (i!=_k) and (typ_pre==1)  and (typ_post==1)'
2026-04-29 23:43:18,329 DEBUG      brian2.synapses.synapses: Creating synapses from group 'G_liq1' to group 'G_liq1', using generator '_k for _k in sample(N_post, p=0.1) if (i!=_k) and (typ_pre==1)  and (typ_post==-1)'
2026-04-29 23:43:18,400 DEBUG      brian2.synapses.synapses: Creating synapses from group 'G_liq1' to group 'G_liq1', using generator '_k for _k in sample(N_post, p=0.4) if (i!=_k) and (typ_pre==-1) and (typ_post==1)'
2026-04-29 23:43:18,469 DEBUG      brian2.synapses.synapses: Creating synapses from group 'G_liq1' to group 'G_liq1', using generator '_k for _k in sample(N_post, p=0.0) if (i!=_k) and (typ_pre==-1) and (typ_post==-1)'
2026-04-29 23:43:20,251 DEBUG      brian2.core.network.before_run: Preparing network 'network' with 17 objects: G_in, G_liq1, S_liq_intra_E_L1, S_liq_intra_I_L1, S_meissner_liq1, S_merkel_liq1, V_liq_L1, V_liq_internal_L1, S_meissner_liq1_summed_variable_I_meissner_post, S_merkel_liq1_summed_variable_I_merkel_post, G_in_stateupdater, G_liq1_stateupdater, G_liq1_spike_thresholder, M_liq_debug_L1, S_liq_intra_E_L1_pre, S_liq_intra_I_L1_pre, G_liq1_spike_resetter
2026-04-29 23:43:20,298 DEBUG      brian2.core.network.before_run: Network 'network' uses 3 clocks: V_liq_L1_clock, defaultclock, V_liq_internal_L1_clock
2026-04-29 23:43:20,298 DEBUG      brian2.core.network.run: Simulating network 'network' from time 0. s to 0.5 s.
