2026-04-29 23:42:26,511 DEBUG      brian2: Logging to file: C:\Users\haru4\OneDrive - 学校法人立命館\ドキュメント\研究\研究コード\LSM_VAE_Search\g_tactile_results\_runtime_cache\tmp\brian_debug_kodnihpd.log, copy of main script saved as: C:\Users\haru4\OneDrive - 学校法人立命館\ドキュメント\研究\研究コード\LSM_VAE_Search\g_tactile_results\_runtime_cache\tmp\brian_script_vvo1plem.py
2026-04-29 23:42:26,511 DEBUG      brian2: Python interpreter: C:\Users\haru4\AppData\Local\Python\pythoncore-3.12-64\python.exe
2026-04-29 23:42:26,511 DEBUG      brian2: Platform: win32
2026-04-29 23:42:26,511 DEBUG      brian2: brian version is: 2.10.1
2026-04-29 23:42:26,511 DEBUG      brian2: numpy version is: 2.4.4
2026-04-29 23:42:26,511 DEBUG      brian2: scipy version is: 1.17.1
2026-04-29 23:42:26,511 DEBUG      brian2: sympy version is: 1.14.0
2026-04-29 23:42:26,511 DEBUG      brian2: python version is: 3.12.10 (tags/v3.12.10:0cc8128, Apr  8 2025, 12:21:36) [MSC v.1943 64 bit (AMD64)]
2026-04-29 23:42:26,513 DEBUG      brian2: Cache size for target 'cython': 1 MB
2026-04-29 23:42:26,678 WARNING    brian2.groups.group.Group.resolve.resolution_conflict: 'N_post' is an internal variable of group 'S_merkel_liq1', but also exists in the run namespace with the value 800. The internal variable will be used.
2026-04-29 23:42:26,678 DEBUG      brian2.synapses.synapses: Creating synapses from group 'G_in' to group 'G_liq1', using generator '_k for _k in sample(N_post, p=0.2) if (((i//2==0) and (i%2==0))) and (typ_post==1)'
2026-04-29 23:42:26,736 WARNING    brian2.groups.group.Group.resolve.resolution_conflict: 'N_post' is an internal variable of group 'S_merkel_liq1', but also exists in the run namespace with the value 200. The internal variable will be used.
2026-04-29 23:42:26,737 DEBUG      brian2.synapses.synapses: Creating synapses from group 'G_in' to group 'G_liq1', using generator '_k for _k in sample(N_post, p=0.2) if (((i//2==0) and (i%2==0))) and (typ_post==-1)'
2026-04-29 23:42:26,767 WARNING    brian2.groups.group.Group.resolve.resolution_conflict: 'N_post' is an internal variable of group 'S_meissner_liq1', but also exists in the run namespace with the value 800. The internal variable will be used.
2026-04-29 23:42:26,767 DEBUG      brian2.synapses.synapses: Creating synapses from group 'G_in' to group 'G_liq1', using generator '_k for _k in sample(N_post, p=0.2) if (((i//2==0) and (i%2==1))) and (typ_post==1)'
2026-04-29 23:42:26,790 WARNING    brian2.groups.group.Group.resolve.resolution_conflict: 'N_post' is an internal variable of group 'S_meissner_liq1', but also exists in the run namespace with the value 200. The internal variable will be used.
2026-04-29 23:42:26,790 DEBUG      brian2.synapses.synapses: Creating synapses from group 'G_in' to group 'G_liq1', using generator '_k for _k in sample(N_post, p=0.2) if (((i//2==0) and (i%2==1))) and (typ_post==-1)'
2026-04-29 23:42:26,824 DEBUG      brian2.synapses.synapses: Creating synapses from group 'G_liq1' to group 'G_liq1', using generator '_k for _k in sample(N_post, p=0.1) if (i!=_k) and (typ_pre==1)  and (typ_post==1)'
2026-04-29 23:42:26,902 DEBUG      brian2.synapses.synapses: Creating synapses from group 'G_liq1' to group 'G_liq1', using generator '_k for _k in sample(N_post, p=0.1) if (i!=_k) and (typ_pre==1)  and (typ_post==-1)'
2026-04-29 23:42:26,982 DEBUG      brian2.synapses.synapses: Creating synapses from group 'G_liq1' to group 'G_liq1', using generator '_k for _k in sample(N_post, p=0.1) if (i!=_k) and (typ_pre==-1) and (typ_post==1)'
2026-04-29 23:42:27,043 DEBUG      brian2.synapses.synapses: Creating synapses from group 'G_liq1' to group 'G_liq1', using generator '_k for _k in sample(N_post, p=0.0) if (i!=_k) and (typ_pre==-1) and (typ_post==-1)'
2026-04-29 23:42:30,107 DEBUG      brian2.core.network.before_run: Preparing network 'network' with 17 objects: G_in, G_liq1, S_liq_intra_E_L1, S_liq_intra_I_L1, S_meissner_liq1, S_merkel_liq1, V_liq_L1, V_liq_internal_L1, S_meissner_liq1_summed_variable_I_meissner_post, S_merkel_liq1_summed_variable_I_merkel_post, G_in_stateupdater, G_liq1_stateupdater, G_liq1_spike_thresholder, M_liq_debug_L1, S_liq_intra_E_L1_pre, S_liq_intra_I_L1_pre, G_liq1_spike_resetter
2026-04-29 23:42:30,162 DEBUG      brian2.stateupdaters.base.method_choice: Group G_liq1: using numerical integration method euler (took 0.02s)
2026-04-29 23:42:30,243 DEBUG      brian2.core.network.before_run: Network 'network' uses 3 clocks: defaultclock, V_liq_internal_L1_clock, V_liq_L1_clock
2026-04-29 23:42:30,243 DEBUG      brian2.core.network.run: Simulating network 'network' from time 0. s to 0.5 s.
2026-04-29 23:42:31,433 DEBUG      brian2.core.network.run: Finished simulating network 'network' (took 1.19s)
2026-04-29 23:42:33,129 DEBUG      brian2.core.network.before_run: Preparing network 'network' with 17 objects: G_in, G_liq1, S_liq_intra_E_L1, S_liq_intra_I_L1, S_meissner_liq1, S_merkel_liq1, V_liq_L1, V_liq_internal_L1, S_meissner_liq1_summed_variable_I_meissner_post, S_merkel_liq1_summed_variable_I_merkel_post, G_in_stateupdater, G_liq1_stateupdater, G_liq1_spike_thresholder, M_liq_debug_L1, S_liq_intra_E_L1_pre, S_liq_intra_I_L1_pre, G_liq1_spike_resetter
2026-04-29 23:42:33,170 DEBUG      brian2.core.network.before_run: Network 'network' uses 3 clocks: defaultclock, V_liq_internal_L1_clock, V_liq_L1_clock
2026-04-29 23:42:33,172 DEBUG      brian2.core.network.run: Simulating network 'network' from time 0.5 s to 1. s.
2026-04-29 23:42:34,349 DEBUG      brian2.core.network.run: Finished simulating network 'network' (took 1.18s)
2026-04-29 23:42:35,587 DEBUG      brian2.core.network.before_run: Preparing network 'network' with 17 objects: G_in, G_liq1, S_liq_intra_E_L1, S_liq_intra_I_L1, S_meissner_liq1, S_merkel_liq1, V_liq_L1, V_liq_internal_L1, S_meissner_liq1_summed_variable_I_meissner_post, S_merkel_liq1_summed_variable_I_merkel_post, G_in_stateupdater, G_liq1_stateupdater, G_liq1_spike_thresholder, M_liq_debug_L1, S_liq_intra_E_L1_pre, S_liq_intra_I_L1_pre, G_liq1_spike_resetter
2026-04-29 23:42:35,630 DEBUG      brian2.core.network.before_run: Network 'network' uses 3 clocks: defaultclock, V_liq_internal_L1_clock, V_liq_L1_clock
2026-04-29 23:42:35,630 DEBUG      brian2.core.network.run: Simulating network 'network' from time 1. s to 1.5 s.
2026-04-29 23:42:36,878 DEBUG      brian2.core.network.run: Finished simulating network 'network' (took 1.25s)
2026-04-29 23:42:38,111 DEBUG      brian2.core.network.before_run: Preparing network 'network' with 17 objects: G_in, G_liq1, S_liq_intra_E_L1, S_liq_intra_I_L1, S_meissner_liq1, S_merkel_liq1, V_liq_L1, V_liq_internal_L1, S_meissner_liq1_summed_variable_I_meissner_post, S_merkel_liq1_summed_variable_I_merkel_post, G_in_stateupdater, G_liq1_stateupdater, G_liq1_spike_thresholder, M_liq_debug_L1, S_liq_intra_E_L1_pre, S_liq_intra_I_L1_pre, G_liq1_spike_resetter
2026-04-29 23:42:38,156 DEBUG      brian2.core.network.before_run: Network 'network' uses 3 clocks: defaultclock, V_liq_internal_L1_clock, V_liq_L1_clock
2026-04-29 23:42:38,162 DEBUG      brian2.core.network.run: Simulating network 'network' from time 1.5 s to 2. s.
2026-04-29 23:42:39,447 DEBUG      brian2.core.network.run: Finished simulating network 'network' (took 1.28s)
2026-04-29 23:42:40,694 DEBUG      brian2.core.network.before_run: Preparing network 'network' with 17 objects: G_in, G_liq1, S_liq_intra_E_L1, S_liq_intra_I_L1, S_meissner_liq1, S_merkel_liq1, V_liq_L1, V_liq_internal_L1, S_meissner_liq1_summed_variable_I_meissner_post, S_merkel_liq1_summed_variable_I_merkel_post, G_in_stateupdater, G_liq1_stateupdater, G_liq1_spike_thresholder, M_liq_debug_L1, S_liq_intra_E_L1_pre, S_liq_intra_I_L1_pre, G_liq1_spike_resetter
2026-04-29 23:42:40,736 DEBUG      brian2.core.network.before_run: Network 'network' uses 3 clocks: defaultclock, V_liq_internal_L1_clock, V_liq_L1_clock
2026-04-29 23:42:40,738 DEBUG      brian2.core.network.run: Simulating network 'network' from time 2. s to 2.5 s.
2026-04-29 23:42:41,959 DEBUG      brian2.core.network.run: Finished simulating network 'network' (took 1.22s)
2026-04-29 23:42:43,163 DEBUG      brian2.core.network.before_run: Preparing network 'network' with 17 objects: G_in, G_liq1, S_liq_intra_E_L1, S_liq_intra_I_L1, S_meissner_liq1, S_merkel_liq1, V_liq_L1, V_liq_internal_L1, S_meissner_liq1_summed_variable_I_meissner_post, S_merkel_liq1_summed_variable_I_merkel_post, G_in_stateupdater, G_liq1_stateupdater, G_liq1_spike_thresholder, M_liq_debug_L1, S_liq_intra_E_L1_pre, S_liq_intra_I_L1_pre, G_liq1_spike_resetter
2026-04-29 23:42:43,196 DEBUG      brian2.core.network.before_run: Network 'network' uses 3 clocks: defaultclock, V_liq_internal_L1_clock, V_liq_L1_clock
2026-04-29 23:42:43,196 DEBUG      brian2.core.network.run: Simulating network 'network' from time 2.5 s to 3. s.
2026-04-29 23:42:44,398 DEBUG      brian2.core.network.run: Finished simulating network 'network' (took 1.20s)
2026-04-29 23:42:45,603 DEBUG      brian2.core.network.before_run: Preparing network 'network' with 17 objects: G_in, G_liq1, S_liq_intra_E_L1, S_liq_intra_I_L1, S_meissner_liq1, S_merkel_liq1, V_liq_L1, V_liq_internal_L1, S_meissner_liq1_summed_variable_I_meissner_post, S_merkel_liq1_summed_variable_I_merkel_post, G_in_stateupdater, G_liq1_stateupdater, G_liq1_spike_thresholder, M_liq_debug_L1, S_liq_intra_E_L1_pre, S_liq_intra_I_L1_pre, G_liq1_spike_resetter
2026-04-29 23:42:45,645 DEBUG      brian2.core.network.before_run: Network 'network' uses 3 clocks: defaultclock, V_liq_internal_L1_clock, V_liq_L1_clock
2026-04-29 23:42:45,647 DEBUG      brian2.core.network.run: Simulating network 'network' from time 3. s to 3.5 s.
2026-04-29 23:42:46,847 DEBUG      brian2.core.network.run: Finished simulating network 'network' (took 1.20s)
2026-04-29 23:42:48,187 DEBUG      brian2.core.network.before_run: Preparing network 'network' with 17 objects: G_in, G_liq1, S_liq_intra_E_L1, S_liq_intra_I_L1, S_meissner_liq1, S_merkel_liq1, V_liq_L1, V_liq_internal_L1, S_meissner_liq1_summed_variable_I_meissner_post, S_merkel_liq1_summed_variable_I_merkel_post, G_in_stateupdater, G_liq1_stateupdater, G_liq1_spike_thresholder, M_liq_debug_L1, S_liq_intra_E_L1_pre, S_liq_intra_I_L1_pre, G_liq1_spike_resetter
2026-04-29 23:42:48,233 DEBUG      brian2.core.network.before_run: Network 'network' uses 3 clocks: defaultclock, V_liq_internal_L1_clock, V_liq_L1_clock
2026-04-29 23:42:48,233 DEBUG      brian2.core.network.run: Simulating network 'network' from time 3.5 s to 4. s.
2026-04-29 23:42:49,453 DEBUG      brian2.core.network.run: Finished simulating network 'network' (took 1.22s)
2026-04-29 23:42:52,665 DEBUG      brian2.synapses.synapses: Creating synapses from group 'G_in' to group 'G_liq1', using generator '_k for _k in sample(N_post, p=0.2) if (((i//2==0) and (i%2==0))) and (typ_post==1)'
2026-04-29 23:42:52,699 DEBUG      brian2.synapses.synapses: Creating synapses from group 'G_in' to group 'G_liq1', using generator '_k for _k in sample(N_post, p=0.2) if (((i//2==0) and (i%2==0))) and (typ_post==-1)'
2026-04-29 23:42:52,734 DEBUG      brian2.synapses.synapses: Creating synapses from group 'G_in' to group 'G_liq1', using generator '_k for _k in sample(N_post, p=0.2) if (((i//2==0) and (i%2==1))) and (typ_post==1)'
2026-04-29 23:42:52,769 DEBUG      brian2.synapses.synapses: Creating synapses from group 'G_in' to group 'G_liq1', using generator '_k for _k in sample(N_post, p=0.2) if (((i//2==0) and (i%2==1))) and (typ_post==-1)'
2026-04-29 23:42:52,802 DEBUG      brian2.synapses.synapses: Creating synapses from group 'G_liq1' to group 'G_liq1', using generator '_k for _k in sample(N_post, p=0.1) if (i!=_k) and (typ_pre==1)  and (typ_post==1)'
2026-04-29 23:42:52,897 DEBUG      brian2.synapses.synapses: Creating synapses from group 'G_liq1' to group 'G_liq1', using generator '_k for _k in sample(N_post, p=0.1) if (i!=_k) and (typ_pre==1)  and (typ_post==-1)'
2026-04-29 23:42:52,979 DEBUG      brian2.synapses.synapses: Creating synapses from group 'G_liq1' to group 'G_liq1', using generator '_k for _k in sample(N_post, p=0.3) if (i!=_k) and (typ_pre==-1) and (typ_post==1)'
2026-04-29 23:42:53,056 DEBUG      brian2.synapses.synapses: Creating synapses from group 'G_liq1' to group 'G_liq1', using generator '_k for _k in sample(N_post, p=0.0) if (i!=_k) and (typ_pre==-1) and (typ_post==-1)'
2026-04-29 23:42:55,367 DEBUG      brian2.core.network.before_run: Preparing network 'network' with 17 objects: G_in, G_liq1, S_liq_intra_E_L1, S_liq_intra_I_L1, S_meissner_liq1, S_merkel_liq1, V_liq_L1, V_liq_internal_L1, S_meissner_liq1_summed_variable_I_meissner_post, S_merkel_liq1_summed_variable_I_merkel_post, G_in_stateupdater, G_liq1_stateupdater, G_liq1_spike_thresholder, M_liq_debug_L1, S_liq_intra_E_L1_pre, S_liq_intra_I_L1_pre, G_liq1_spike_resetter
2026-04-29 23:42:55,437 DEBUG      brian2.core.network.before_run: Network 'network' uses 3 clocks: defaultclock, V_liq_internal_L1_clock, V_liq_L1_clock
2026-04-29 23:42:55,440 DEBUG      brian2.core.network.run: Simulating network 'network' from time 0. s to 0.5 s.
2026-04-29 23:42:56,705 DEBUG      brian2.core.network.run: Finished simulating network 'network' (took 1.27s)
2026-04-29 23:42:56,858 DEBUG      brian2.core.network.before_run: Preparing network 'network' with 17 objects: G_in, G_liq1, S_liq_intra_E_L1, S_liq_intra_I_L1, S_meissner_liq1, S_merkel_liq1, V_liq_L1, V_liq_internal_L1, S_meissner_liq1_summed_variable_I_meissner_post, S_merkel_liq1_summed_variable_I_merkel_post, G_in_stateupdater, G_liq1_stateupdater, G_liq1_spike_thresholder, M_liq_debug_L1, S_liq_intra_E_L1_pre, S_liq_intra_I_L1_pre, G_liq1_spike_resetter
2026-04-29 23:42:56,907 DEBUG      brian2.core.network.before_run: Network 'network' uses 3 clocks: defaultclock, V_liq_internal_L1_clock, V_liq_L1_clock
2026-04-29 23:42:56,907 DEBUG      brian2.core.network.run: Simulating network 'network' from time 0.5 s to 1. s.
2026-04-29 23:42:58,527 DEBUG      brian2.core.network.run: Finished simulating network 'network' (took 1.62s)
2026-04-29 23:42:59,948 DEBUG      brian2.core.network.before_run: Preparing network 'network' with 17 objects: G_in, G_liq1, S_liq_intra_E_L1, S_liq_intra_I_L1, S_meissner_liq1, S_merkel_liq1, V_liq_L1, V_liq_internal_L1, S_meissner_liq1_summed_variable_I_meissner_post, S_merkel_liq1_summed_variable_I_merkel_post, G_in_stateupdater, G_liq1_stateupdater, G_liq1_spike_thresholder, M_liq_debug_L1, S_liq_intra_E_L1_pre, S_liq_intra_I_L1_pre, G_liq1_spike_resetter
2026-04-29 23:43:00,002 DEBUG      brian2.core.network.before_run: Network 'network' uses 3 clocks: defaultclock, V_liq_internal_L1_clock, V_liq_L1_clock
2026-04-29 23:43:00,002 DEBUG      brian2.core.network.run: Simulating network 'network' from time 1. s to 1.5 s.
2026-04-29 23:43:01,864 DEBUG      brian2.core.network.run: Finished simulating network 'network' (took 1.86s)
2026-04-29 23:43:03,294 DEBUG      brian2.core.network.before_run: Preparing network 'network' with 17 objects: G_in, G_liq1, S_liq_intra_E_L1, S_liq_intra_I_L1, S_meissner_liq1, S_merkel_liq1, V_liq_L1, V_liq_internal_L1, S_meissner_liq1_summed_variable_I_meissner_post, S_merkel_liq1_summed_variable_I_merkel_post, G_in_stateupdater, G_liq1_stateupdater, G_liq1_spike_thresholder, M_liq_debug_L1, S_liq_intra_E_L1_pre, S_liq_intra_I_L1_pre, G_liq1_spike_resetter
2026-04-29 23:43:03,358 DEBUG      brian2.core.network.before_run: Network 'network' uses 3 clocks: defaultclock, V_liq_internal_L1_clock, V_liq_L1_clock
2026-04-29 23:43:03,360 DEBUG      brian2.core.network.run: Simulating network 'network' from time 1.5 s to 2. s.
2026-04-29 23:43:05,220 DEBUG      brian2.core.network.run: Finished simulating network 'network' (took 1.86s)
2026-04-29 23:43:06,666 DEBUG      brian2.core.network.before_run: Preparing network 'network' with 17 objects: G_in, G_liq1, S_liq_intra_E_L1, S_liq_intra_I_L1, S_meissner_liq1, S_merkel_liq1, V_liq_L1, V_liq_internal_L1, S_meissner_liq1_summed_variable_I_meissner_post, S_merkel_liq1_summed_variable_I_merkel_post, G_in_stateupdater, G_liq1_stateupdater, G_liq1_spike_thresholder, M_liq_debug_L1, S_liq_intra_E_L1_pre, S_liq_intra_I_L1_pre, G_liq1_spike_resetter
2026-04-29 23:43:06,721 DEBUG      brian2.core.network.before_run: Network 'network' uses 3 clocks: defaultclock, V_liq_internal_L1_clock, V_liq_L1_clock
2026-04-29 23:43:06,721 DEBUG      brian2.core.network.run: Simulating network 'network' from time 2. s to 2.5 s.
2026-04-29 23:43:08,574 DEBUG      brian2.core.network.run: Finished simulating network 'network' (took 1.85s)
2026-04-29 23:43:09,987 DEBUG      brian2.core.network.before_run: Preparing network 'network' with 17 objects: G_in, G_liq1, S_liq_intra_E_L1, S_liq_intra_I_L1, S_meissner_liq1, S_merkel_liq1, V_liq_L1, V_liq_internal_L1, S_meissner_liq1_summed_variable_I_meissner_post, S_merkel_liq1_summed_variable_I_merkel_post, G_in_stateupdater, G_liq1_stateupdater, G_liq1_spike_thresholder, M_liq_debug_L1, S_liq_intra_E_L1_pre, S_liq_intra_I_L1_pre, G_liq1_spike_resetter
2026-04-29 23:43:10,035 DEBUG      brian2.core.network.before_run: Network 'network' uses 3 clocks: defaultclock, V_liq_internal_L1_clock, V_liq_L1_clock
2026-04-29 23:43:10,036 DEBUG      brian2.core.network.run: Simulating network 'network' from time 2.5 s to 3. s.
2026-04-29 23:43:11,374 DEBUG      brian2.core.network.run: Finished simulating network 'network' (took 1.34s)
2026-04-29 23:43:12,607 DEBUG      brian2.core.network.before_run: Preparing network 'network' with 17 objects: G_in, G_liq1, S_liq_intra_E_L1, S_liq_intra_I_L1, S_meissner_liq1, S_merkel_liq1, V_liq_L1, V_liq_internal_L1, S_meissner_liq1_summed_variable_I_meissner_post, S_merkel_liq1_summed_variable_I_merkel_post, G_in_stateupdater, G_liq1_stateupdater, G_liq1_spike_thresholder, M_liq_debug_L1, S_liq_intra_E_L1_pre, S_liq_intra_I_L1_pre, G_liq1_spike_resetter
2026-04-29 23:43:12,662 DEBUG      brian2.core.network.before_run: Network 'network' uses 3 clocks: defaultclock, V_liq_internal_L1_clock, V_liq_L1_clock
2026-04-29 23:43:12,663 DEBUG      brian2.core.network.run: Simulating network 'network' from time 3. s to 3.5 s.
2026-04-29 23:43:13,941 DEBUG      brian2.core.network.run: Finished simulating network 'network' (took 1.28s)
2026-04-29 23:43:15,220 DEBUG      brian2.core.network.before_run: Preparing network 'network' with 17 objects: G_in, G_liq1, S_liq_intra_E_L1, S_liq_intra_I_L1, S_meissner_liq1, S_merkel_liq1, V_liq_L1, V_liq_internal_L1, S_meissner_liq1_summed_variable_I_meissner_post, S_merkel_liq1_summed_variable_I_merkel_post, G_in_stateupdater, G_liq1_stateupdater, G_liq1_spike_thresholder, M_liq_debug_L1, S_liq_intra_E_L1_pre, S_liq_intra_I_L1_pre, G_liq1_spike_resetter
2026-04-29 23:43:15,258 DEBUG      brian2.core.network.before_run: Network 'network' uses 3 clocks: defaultclock, V_liq_internal_L1_clock, V_liq_L1_clock
2026-04-29 23:43:15,260 DEBUG      brian2.core.network.run: Simulating network 'network' from time 3.5 s to 4. s.
2026-04-29 23:43:16,673 DEBUG      brian2.core.network.run: Finished simulating network 'network' (took 1.41s)
2026-04-29 23:43:19,133 DEBUG      brian2.synapses.synapses: Creating synapses from group 'G_in' to group 'G_liq1', using generator '_k for _k in sample(N_post, p=0.2) if (((i//2==0) and (i%2==0))) and (typ_post==1)'
2026-04-29 23:43:19,157 DEBUG      brian2.synapses.synapses: Creating synapses from group 'G_in' to group 'G_liq1', using generator '_k for _k in sample(N_post, p=0.2) if (((i//2==0) and (i%2==0))) and (typ_post==-1)'
2026-04-29 23:43:19,179 DEBUG      brian2.synapses.synapses: Creating synapses from group 'G_in' to group 'G_liq1', using generator '_k for _k in sample(N_post, p=0.2) if (((i//2==0) and (i%2==1))) and (typ_post==1)'
2026-04-29 23:43:19,199 DEBUG      brian2.synapses.synapses: Creating synapses from group 'G_in' to group 'G_liq1', using generator '_k for _k in sample(N_post, p=0.2) if (((i//2==0) and (i%2==1))) and (typ_post==-1)'
2026-04-29 23:43:19,223 DEBUG      brian2.synapses.synapses: Creating synapses from group 'G_liq1' to group 'G_liq1', using generator '_k for _k in sample(N_post, p=0.1) if (i!=_k) and (typ_pre==1)  and (typ_post==1)'
2026-04-29 23:43:19,284 DEBUG      brian2.synapses.synapses: Creating synapses from group 'G_liq1' to group 'G_liq1', using generator '_k for _k in sample(N_post, p=0.1) if (i!=_k) and (typ_pre==1)  and (typ_post==-1)'
2026-04-29 23:43:19,353 DEBUG      brian2.synapses.synapses: Creating synapses from group 'G_liq1' to group 'G_liq1', using generator '_k for _k in sample(N_post, p=0.5) if (i!=_k) and (typ_pre==-1) and (typ_post==1)'
2026-04-29 23:43:19,410 DEBUG      brian2.synapses.synapses: Creating synapses from group 'G_liq1' to group 'G_liq1', using generator '_k for _k in sample(N_post, p=0.0) if (i!=_k) and (typ_pre==-1) and (typ_post==-1)'
